// Jest Snapshot v1, https://goo.gl/fbAQLP

exports[`View - CharacterDetails Test renders CharacterDetails without crashing 1`] = `
Array [
  <div
    className="sc-Axmtr gUqxmZ"
  >
    Details
  </div>,
  <div
    className="sc-AxjAm jfFdTm"
  />,
  <div
    className="sc-AxmLO burQtf"
  >
    <div
      className="sc-AxhUy cUamMb"
      onClick={[Function]}
    >
      Back
    </div>
  </div>,
]
`;
