// Jest Snapshot v1, https://goo.gl/fbAQLP

exports[`Component - ListItem Test renders ListItem with data without crashing 1`] = `
<div
  className="sc-AxjAm iFUVjd"
  onClick={[Function]}
>
  <div
    className="sc-AxirZ ehqiCf"
  >
    <div
      className="sc-AxiKw iPnqiR"
    >
      <img
        alt="Luke Skywalker"
        className="sc-AxhCb jvfHjD avatar"
        src="avatar.png"
        style={
          Object {
            "backgroundColor": "#ffe0bd",
          }
        }
      />
    </div>
    <div
      className="sc-AxiKw iPnqiR"
    >
      <div>
        Name: 
        Luke Skywalker
      </div>
      <div>
        Height: 
        172
      </div>
      <div>
        Gender: 
        male
      </div>
      <div>
        Mass: 
        77
      </div>
    </div>
  </div>
</div>
`;

exports[`Component - ListItem Test renders ListItem without data without crashing 1`] = `<div />`;
